1000	0.00000011	8.987	010	001
1010	0.00000006	8.997	010	001
1020	0.00000010	9.007	010	001
1030	0.00000004	9.023	011	001
1040	0.00000004	9.042	011	001
1050	0.00000004	9.061	011	001
1060	0.00000004	9.079	011	001
1070	0.00000004	9.097	011	001
1080	0.00000003	9.115	011	001
1090	0.00000004	9.132	011	001
1100	0.00000003	9.149	011	001
1110	0.00000003	9.166	011	001
1120	0.00000003	9.182	011	001
1130	0.00000003	9.198	011	001
1140	0.00000003	9.214	011	001
1150	0.00000003	9.230	011	001
1160	0.00000003	9.245	011	001
1170	0.00000003	9.260	011	001
1180	0.00000003	9.275	011	001
1190	0.00000003	9.289	011	001
1200	0.00000003	9.303	011	001
1210	0.00000004	9.317	011	001
1220	0.00000004	9.331	011	001
1230	0.00000004	9.345	011	001
1240	0.00000004	9.358	011	001
1250	0.00000004	9.371	011	001
1260	0.00000004	9.384	011	001
1270	0.00000004	9.397	011	001
1280	0.00000007	9.409	011	001
1290	0.00000004	9.422	011	001
1300	0.00000003	9.434	011	001
1310	0.00000003	9.446	011	001
1320	0.00000003	9.458	011	001
1330	0.00000004	9.469	011	001
1340	0.00000003	9.481	011	001
1350	0.00000003	9.492	011	001
1360	0.00000003	9.503	011	001
1370	0.00000004	9.514	011	001
1380	0.00000008	9.525	011	001
1390	0.00000003	9.535	011	001
1400	0.00000003	9.546	011	001
1410	0.00000003	9.556	011	001
1420	0.00000003	9.566	011	001
1430	0.00000003	9.576	011	001
1440	0.00000003	9.586	011	001
1450	0.00000003	9.596	011	001
1460	0.00000003	9.605	011	001
1470	0.00000003	9.615	011	001
1480	0.00000003	9.624	011	001
1490	0.00000003	9.634	011	001
1500	0.00000003	9.643	011	001
1510	0.00000003	9.652	011	001
1520	0.00000003	9.661	011	001
1530	0.00000004	9.669	011	001
1540	0.00000003	9.678	011	001
1550	0.00000004	9.686	011	001
1560	0.00000004	9.695	011	001
1570	0.00000004	9.703	011	001
1580	0.00000004	9.711	011	001
1590	0.00000004	9.719	011	001
1600	0.00000003	9.727	011	001
1610	0.00000003	9.735	011	001
1620	0.00000005	9.743	011	001
1630	0.00000004	9.751	011	001
1640	0.00000004	9.759	011	001
1650	0.00000003	9.766	011	001
1660	0.00000003	9.773	011	001
1670	0.00000003	9.781	011	001
1680	0.00000003	9.788	011	001
1690	0.00000003	9.795	011	001
1700	0.00000003	9.802	011	001
1710	0.00000003	9.809	011	001
1720	0.00000003	9.816	011	001
1730	0.00000004	9.823	011	001
1740	0.00000004	9.830	011	001
1750	0.00000004	9.837	011	001
1760	0.00000003	9.843	011	001
1770	0.00000003	9.850	011	001
1780	0.00000005	9.856	011	001
1790	0.00000005	9.863	011	001
1800	0.00000004	9.869	011	001
1810	0.00000005	9.875	011	001
1820	0.00000012	9.881	011	001
1830	0.00000003	9.887	011	001
1840	0.00000003	9.893	011	001
1850	0.00000003	9.899	011	001
1860	0.00000003	9.905	011	001
1870	0.00000003	9.911	011	001
1880	0.00000003	9.917	011	001
1890	0.00000003	9.923	011	001
1900	0.00000003	9.928	011	001
1910	0.00000003	9.934	011	001
1920	0.00000003	9.940	011	001
1930	0.00000003	9.945	011	001
1940	0.00000004	9.951	011	001
1950	0.00000004	9.956	011	001
1960	0.00000003	9.961	011	001
1970	0.00000004	9.966	011	001
1980	0.00000003	9.972	011	001
1990	0.00000003	9.977	011	001
2000	0.00000003	9.982	011	001
2010	0.00000003	9.987	011	001
2020	0.00000003	9.992	011	001
2030	0.00000003	9.997	011	001
2040	0.00000003	10.002	011	001
2050	0.00000003	10.008	012	001
2060	0.00000004	10.018	012	001
2070	0.00000003	10.028	012	001
2080	0.00000005	10.037	012	001
2090	0.00000005	10.046	012	001
2100	0.00000003	10.056	012	001
2110	0.00000003	10.065	012	001
2120	0.00000003	10.074	012	001
2130	0.00000003	10.083	012	001
2140	0.00000003	10.092	012	001
2150	0.00000003	10.101	012	001
2160	0.00000003	10.110	012	001
2170	0.00000003	10.118	012	001
2180	0.00000003	10.127	012	001
2190	0.00000003	10.136	012	001
2200	0.00000003	10.144	012	001
2210	0.00000003	10.152	012	001
2220	0.00000003	10.161	012	001
2230	0.00000003	10.169	012	001
2240	0.00000003	10.177	012	001
2250	0.00000003	10.185	012	001
2260	0.00000004	10.193	012	001
2270	0.00000003	10.201	012	001
2280	0.00000003	10.209	012	001
2290	0.00000003	10.217	012	001
2300	0.00000003	10.225	012	001
2310	0.00000003	10.232	012	001
2320	0.00000003	10.240	012	001
2330	0.00000003	10.248	012	001
2340	0.00000004	10.255	012	001
2350	0.00000003	10.263	012	001
2360	0.00000003	10.270	012	001
2370	0.00000003	10.277	012	001
2380	0.00000003	10.284	012	001
2390	0.00000003	10.292	012	001
2400	0.00000003	10.299	012	001
2410	0.00000003	10.306	012	001
2420	0.00000003	10.313	012	001
2430	0.00000003	10.320	012	001
2440	0.00000003	10.327	012	001
2450	0.00000003	10.333	012	001
2460	0.00000003	10.340	012	001
2470	0.00000003	10.347	012	001
2480	0.00000003	10.354	012	001
2490	0.00000003	10.360	012	001
2500	0.00000003	10.367	012	001
2510	0.00000003	10.373	012	001
2520	0.00000003	10.380	012	001
2530	0.00000003	10.386	012	001
2540	0.00000003	10.393	012	001
2550	0.00000003	10.399	012	001
2560	0.00000003	10.405	012	001
2570	0.00000003	10.411	012	001
2580	0.00000003	10.417	012	001
2590	0.00000003	10.424	012	001
2600	0.00000003	10.430	012	001
2610	0.00000003	10.436	012	001
2620	0.00000003	10.442	012	001
2630	0.00000003	10.448	012	001
2640	0.00000003	10.453	012	001
2650	0.00000003	10.459	012	001
2660	0.00000003	10.465	012	001
2670	0.00000003	10.471	012	001
2680	0.00000003	10.476	012	001
2690	0.00000003	10.482	012	001
2700	0.00000003	10.488	012	001
2710	0.00000003	10.493	012	001
2720	0.00000003	10.499	012	001
2730	0.00000003	10.504	012	001
2740	0.00000004	10.510	012	001
2750	0.00000003	10.515	012	001
2760	0.00000003	10.521	012	001
2770	0.00000003	10.526	012	001
2780	0.00000004	10.531	012	001
2790	0.00000003	10.537	012	001
2800	0.00000003	10.542	012	001
2810	0.00000003	10.547	012	001
2820	0.00000003	10.552	012	001
2830	0.00000004	10.557	012	001
2840	0.00000003	10.562	012	001
2850	0.00000003	10.567	012	001
2860	0.00000003	10.572	012	001
2870	0.00000003	10.577	012	001
2880	0.00000003	10.582	012	001
2890	0.00000003	10.587	012	001
2900	0.00000003	10.592	012	001
2910	0.00000003	10.597	012	001
2920	0.00000004	10.602	012	001
2930	0.00000004	10.606	012	001
2940	0.00000005	10.611	012	001
2950	0.00000003	10.616	012	001
2960	0.00000003	10.621	012	001
2970	0.00000004	10.625	012	001
2980	0.00000004	10.630	012	001
2990	0.00000003	10.634	012	001
3000	0.00000003	10.639	012	001
3010	0.00000003	10.644	012	001
3020	0.00000003	10.648	012	001
3030	0.00000003	10.652	012	001
3040	0.00000003	10.657	012	001
3050	0.00000003	10.661	012	001
3060	0.00000003	10.666	012	001
3070	0.00000003	10.670	012	001
3080	0.00000004	10.674	012	001
3090	0.00000004	10.679	012	001
3100	0.00000004	10.683	012	001
3110	0.00000003	10.687	012	001
3120	0.00000003	10.691	012	001
3130	0.00000004	10.696	012	001
3140	0.00000004	10.700	012	001
3150	0.00000004	10.704	012	001
3160	0.00000003	10.708	012	001
3170	0.00000004	10.712	012	001
3180	0.00000003	10.716	012	001
3190	0.00000003	10.720	012	001
3200	0.00000004	10.724	012	001
3210	0.00000003	10.728	012	001
3220	0.00000004	10.732	012	001
3230	0.00000003	10.736	012	001
3240	0.00000003	10.740	012	001
3250	0.00000003	10.744	012	001
3260	0.00000004	10.748	012	001
3270	0.00000003	10.751	012	001
3280	0.00000004	10.755	012	001
3290	0.00000004	10.759	012	001
3300	0.00000004	10.763	012	001
3310	0.00000003	10.766	012	001
3320	0.00000003	10.770	012	001
3330	0.00000003	10.774	012	001
3340	0.00000003	10.778	012	001
3350	0.00000003	10.781	012	001
3360	0.00000004	10.785	012	001
3370	0.00000004	10.788	012	001
3380	0.00000003	10.792	012	001
3390	0.00000003	10.796	012	001
3400	0.00000003	10.799	012	001
3410	0.00000003	10.803	012	001
3420	0.00000003	10.806	012	001
3430	0.00000003	10.810	012	001
3440	0.00000003	10.813	012	001
3450	0.00000003	10.817	012	001
3460	0.00000004	10.820	012	001
3470	0.00000004	10.823	012	001
3480	0.00000003	10.827	012	001
3490	0.00000004	10.830	012	001
3500	0.00000004	10.833	012	001
3510	0.00000004	10.837	012	001
3520	0.00000005	10.840	012	001
3530	0.00000005	10.843	012	001
3540	0.00000003	10.847	012	001
3550	0.00000003	10.850	012	001
3560	0.00000004	10.853	012	001
3570	0.00000004	10.856	012	001
3580	0.00000003	10.859	012	001
3590	0.00000003	10.863	012	001
3600	0.00000003	10.866	012	001
3610	0.00000003	10.869	012	001
3620	0.00000005	10.872	012	001
3630	0.00000003	10.875	012	001
3640	0.00000003	10.878	012	001
3650	0.00000003	10.881	012	001
3660	0.00000003	10.884	012	001
3670	0.00000003	10.887	012	001
3680	0.00000003	10.890	012	001
3690	0.00000003	10.893	012	001
3700	0.00000003	10.896	012	001
3710	0.00000003	10.899	012	001
3720	0.00000003	10.902	012	001
3730	0.00000003	10.905	012	001
3740	0.00000003	10.908	012	001
3750	0.00000003	10.911	012	001
3760	0.00000003	10.914	012	001
3770	0.00000004	10.917	012	001
3780	0.00000004	10.920	012	001
3790	0.00000004	10.923	012	001
3800	0.00000004	10.926	012	001
3810	0.00000003	10.928	012	001
3820	0.00000004	10.931	012	001
3830	0.00000003	10.934	012	001
3840	0.00000003	10.937	012	001
3850	0.00000003	10.939	012	001
3860	0.00000004	10.942	012	001
3870	0.00000004	10.945	012	001
3880	0.00000004	10.948	012	001
3890	0.00000004	10.950	012	001
3900	0.00000004	10.953	012	001
3910	0.00000004	10.956	012	001
3920	0.00000004	10.958	012	001
3930	0.00000004	10.961	012	001
3940	0.00000004	10.964	012	001
3950	0.00000004	10.966	012	001
3960	0.00000004	10.969	012	001
3970	0.00000005	10.972	012	001
3980	0.00000007	10.974	012	001
3990	0.00000004	10.977	012	001
4000	0.00000004	10.979	012	001
4010	0.00000004	10.982	012	001
4020	0.00000004	10.984	012	001
4030	0.00000004	10.987	012	001
4040	0.00000005	10.989	012	001
4050	0.00000004	10.992	012	001
4060	0.00000004	10.994	012	001
4070	0.00000003	10.997	012	001
4080	0.00000004	10.999	012	001
4090	0.00000004	11.002	012	001
4100	0.00000004	11.005	013	001
4110	0.00000004	11.010	013	001
4120	0.00000004	11.015	013	001
4130	0.00000004	11.020	013	001
4140	0.00000003	11.025	013	001
4150	0.00000004	11.029	013	001
4160	0.00000004	11.034	013	001
4170	0.00000004	11.039	013	001
4180	0.00000004	11.044	013	001
4190	0.00000004	11.048	013	001
4200	0.00000004	11.053	013	001
4210	0.00000004	11.057	013	001
4220	0.00000004	11.062	013	001
4230	0.00000004	11.067	013	001
4240	0.00000004	11.071	013	001
4250	0.00000004	11.076	013	001
4260	0.00000004	11.080	013	001
4270	0.00000005	11.085	013	001
4280	0.00000004	11.089	013	001
4290	0.00000003	11.094	013	001
4300	0.00000004	11.098	013	001
4310	0.00000004	11.103	013	001
4320	0.00000004	11.107	013	001
4330	0.00000005	11.111	013	001
4340	0.00000004	11.116	013	001
4350	0.00000004	11.120	013	001
4360	0.00000003	11.124	013	001
4370	0.00000004	11.129	013	001
4380	0.00000004	11.133	013	001
4390	0.00000003	11.137	013	001
4400	0.00000004	11.141	013	001
4410	0.00000004	11.146	013	001
4420	0.00000005	11.150	013	001
4430	0.00000004	11.154	013	001
4440	0.00000004	11.158	013	001
4450	0.00000004	11.162	013	001
4460	0.00000004	11.166	013	001
4470	0.00000004	11.170	013	001
4480	0.00000004	11.175	013	001
4490	0.00000004	11.179	013	001
4500	0.00000004	11.183	013	001
4510	0.00000004	11.187	013	001
4520	0.00000004	11.191	013	001
4530	0.00000004	11.195	013	001
4540	0.00000004	11.199	013	001
4550	0.00000004	11.203	013	001
4560	0.00000004	11.207	013	001
4570	0.00000004	11.211	013	001
4580	0.00000004	11.214	013	001
4590	0.00000004	11.218	013	001
4600	0.00000004	11.222	013	001
4610	0.00000004	11.226	013	001
4620	0.00000004	11.230	013	001
4630	0.00000004	11.234	013	001
4640	0.00000004	11.238	013	001
4650	0.00000004	11.241	013	001
4660	0.00000004	11.245	013	001
4670	0.00000004	11.249	013	001
4680	0.00000004	11.253	013	001
4690	0.00000004	11.256	013	001
4700	0.00000004	11.260	013	001
4710	0.00000004	11.264	013	001
4720	0.00000004	11.267	013	001
4730	0.00000004	11.271	013	001
4740	0.00000004	11.275	013	001
4750	0.00000004	11.278	013	001
4760	0.00000004	11.282	013	001
4770	0.00000004	11.286	013	001
4780	0.00000004	11.289	013	001
4790	0.00000004	11.293	013	001
4800	0.00000004	11.296	013	001
4810	0.00000004	11.300	013	001
4820	0.00000004	11.303	013	001
4830	0.00000004	11.307	013	001
4840	0.00000004	11.310	013	001
4850	0.00000004	11.314	013	001
4860	0.00000004	11.317	013	001
4870	0.00000004	11.321	013	001
4880	0.00000004	11.324	013	001
4890	0.00000004	11.328	013	001
4900	0.00000004	11.331	013	001
4910	0.00000003	11.334	013	001
4920	0.00000004	11.338	013	001
4930	0.00000004	11.341	013	001
4940	0.00000003	11.345	013	001
4950	0.00000003	11.348	013	001
4960	0.00000003	11.351	013	001
4970	0.00000003	11.355	013	001
4980	0.00000004	11.358	013	001
4990	0.00000004	11.361	013	001
5000	0.00000004	11.364	013	001
5010	0.00000004	11.368	013	001
5020	0.00000004	11.371	013	001
5030	0.00000004	11.374	013	001
5040	0.00000004	11.377	013	001
5050	0.00000004	11.381	013	001
5060	0.00000004	11.384	013	001
5070	0.00000004	11.387	013	001
5080	0.00000004	11.390	013	001
5090	0.00000004	11.393	013	001
5100	0.00000004	11.396	013	001
5110	0.00000004	11.400	013	001
5120	0.00000004	11.403	013	001
5130	0.00000004	11.406	013	001
5140	0.00000004	11.409	013	001
5150	0.00000004	11.412	013	001
5160	0.00000004	11.415	013	001
5170	0.00000004	11.418	013	001
5180	0.00000004	11.421	013	001
5190	0.00000004	11.424	013	001
5200	0.00000004	11.427	013	001
5210	0.00000004	11.430	013	001
5220	0.00000004	11.433	013	001
5230	0.00000004	11.436	013	001
5240	0.00000004	11.439	013	001
5250	0.00000004	11.442	013	001
5260	0.00000004	11.445	013	001
5270	0.00000004	11.448	013	001
5280	0.00000004	11.451	013	001
5290	0.00000007	11.454	013	001
5300	0.00000039	11.457	013	001
5310	0.00000005	11.460	013	001
5320	0.00000004	11.463	013	001
5330	0.00000004	11.466	013	001
5340	0.00000005	11.469	013	001
5350	0.00000005	11.471	013	001
5360	0.00000004	11.474	013	001
5370	0.00000004	11.477	013	001
5380	0.00000004	11.480	013	001
5390	0.00000004	11.483	013	001
5400	0.00000004	11.486	013	001
5410	0.00000004	11.488	013	001
5420	0.00000005	11.491	013	001
5430	0.00000004	11.494	013	001
5440	0.00000004	11.497	013	001
5450	0.00000005	11.499	013	001
5460	0.00000004	11.502	013	001
5470	0.00000004	11.505	013	001
5480	0.00000005	11.508	013	001
5490	0.00000006	11.510	013	001
5500	0.00000021	11.513	013	001
5510	0.00000011	11.516	013	001
5520	0.00000005	11.518	013	001
5530	0.00000006	11.521	013	001
5540	0.00000006	11.524	013	001
5550	0.00000005	11.526	013	001
5560	0.00000008	11.529	013	001
5570	0.00000006	11.532	013	001
5580	0.00000007	11.534	013	001
5590	0.00000005	11.537	013	001
5600	0.00000006	11.540	013	001
5610	0.00000007	11.542	013	001
5620	0.00000006	11.545	013	001
5630	0.00000006	11.547	013	001
5640	0.00000006	11.550	013	001
5650	0.00000005	11.553	013	001
5660	0.00000006	11.555	013	001
5670	0.00000005	11.558	013	001
5680	0.00000008	11.560	013	001
5690	0.00000005	11.563	013	001
5700	0.00000006	11.565	013	001
5710	0.00000007	11.568	013	001
5720	0.00000007	11.570	013	001
5730	0.00000006	11.573	013	001
5740	0.00000005	11.575	013	001
5750	0.00000006	11.578	013	001
5760	0.00000005	11.580	013	001
5770	0.00000005	11.583	013	001
5780	0.00000006	11.585	013	001
5790	0.00000006	11.588	013	001
5800	0.00000006	11.590	013	001
5810	0.00000005	11.592	013	001
5820	0.00000006	11.595	013	001
5830	0.00000006	11.597	013	001
5840	0.00000008	11.600	013	001
5850	0.00000006	11.602	013	001
5860	0.00000006	11.604	013	001
5870	0.00000006	11.607	013	001
5880	0.00000007	11.609	013	001
5890	0.00000006	11.612	013	001
5900	0.00000005	11.614	013	001
5910	0.00000004	11.616	013	001
5920	0.00000005	11.619	013	001
5930	0.00000005	11.621	013	001
5940	0.00000004	11.623	013	001
5950	0.00000005	11.626	013	001
5960	0.00000006	11.628	013	001
5970	0.00000005	11.630	013	001
5980	0.00000004	11.632	013	001
5990	0.00000005	11.635	013	001
6000	0.00000005	11.637	013	001
6010	0.00000004	11.639	013	001
6020	0.00000004	11.642	013	001
6030	0.00000004	11.644	013	001
6040	0.00000004	11.646	013	001
6050	0.00000004	11.648	013	001
6060	0.00000004	11.650	013	001
6070	0.00000004	11.653	013	001
6080	0.00000004	11.655	013	001
6090	0.00000004	11.657	013	001
6100	0.00000004	11.659	013	001
6110	0.00000004	11.662	013	001
6120	0.00000004	11.664	013	001
6130	0.00000005	11.666	013	001
6140	0.00000005	11.668	013	001
6150	0.00000005	11.670	013	001
6160	0.00000004	11.672	013	001
6170	0.00000006	11.675	013	001
6180	0.00000005	11.677	013	001
6190	0.00000009	11.679	013	001
6200	0.00000006	11.681	013	001
6210	0.00000005	11.683	013	001
6220	0.00000006	11.685	013	001
6230	0.00000005	11.687	013	001
6240	0.00000004	11.689	013	001
6250	0.00000004	11.692	013	001
6260	0.00000004	11.694	013	001
6270	0.00000004	11.696	013	001
6280	0.00000004	11.698	013	001
6290	0.00000004	11.700	013	001
6300	0.00000004	11.702	013	001
6310	0.00000004	11.704	013	001
6320	0.00000004	11.706	013	001
6330	0.00000006	11.708	013	001
6340	0.00000004	11.710	013	001
6350	0.00000004	11.712	013	001
6360	0.00000004	11.714	013	001
6370	0.00000004	11.716	013	001
6380	0.00000004	11.718	013	001
6390	0.00000004	11.720	013	001
6400	0.00000004	11.722	013	001
6410	0.00000004	11.724	013	001
6420	0.00000004	11.726	013	001
6430	0.00000004	11.728	013	001
6440	0.00000004	11.730	013	001
6450	0.00000004	11.732	013	001
6460	0.00000004	11.734	013	001
6470	0.00000004	11.736	013	001
6480	0.00000004	11.738	013	001
6490	0.00000004	11.740	013	001
6500	0.00000004	11.742	013	001
6510	0.00000004	11.744	013	001
6520	0.00000005	11.746	013	001
6530	0.00000006	11.748	013	001
6540	0.00000007	11.750	013	001
6550	0.00000010	11.751	013	001
6560	0.00000005	11.753	013	001
6570	0.00000005	11.755	013	001
6580	0.00000006	11.757	013	001
6590	0.00000007	11.759	013	001
6600	0.00000006	11.761	013	001
6610	0.00000005	11.763	013	001
6620	0.00000004	11.765	013	001
6630	0.00000005	11.767	013	001
6640	0.00000005	11.768	013	001
6650	0.00000006	11.770	013	001
6660	0.00000006	11.772	013	001
6670	0.00000006	11.774	013	001
6680	0.00000009	11.776	013	001
6690	0.00000005	11.778	013	001
6700	0.00000005	11.779	013	001
6710	0.00000006	11.781	013	001
6720	0.00000006	11.783	013	001
6730	0.00000006	11.785	013	001
6740	0.00000006	11.787	013	001
6750	0.00000006	11.788	013	001
6760	0.00000006	11.790	013	001
6770	0.00000007	11.792	013	001
6780	0.00000006	11.794	013	001
6790	0.00000006	11.796	013	001
6800	0.00000005	11.797	013	001
6810	0.00000009	11.799	013	001
6820	0.00000005	11.801	013	001
6830	0.00000006	11.803	013	001
6840	0.00000005	11.804	013	001
6850	0.00000006	11.806	013	001
6860	0.00000006	11.808	013	001
6870	0.00000006	11.810	013	001
6880	0.00000006	11.811	013	001
6890	0.00000013	11.813	013	001
6900	0.00000006	11.815	013	001
6910	0.00000007	11.816	013	001
6920	0.00000005	11.818	013	001
6930	0.00000005	11.820	013	001
6940	0.00000004	11.822	013	001
6950	0.00000004	11.823	013	001
6960	0.00000004	11.825	013	001
6970	0.00000004	11.827	013	001
6980	0.00000004	11.828	013	001
6990	0.00000004	11.830	013	001
7000	0.00000004	11.832	013	001
7010	0.00000004	11.833	013	001
7020	0.00000004	11.835	013	001
7030	0.00000004	11.837	013	001
7040	0.00000004	11.838	013	001
7050	0.00000004	11.840	013	001
7060	0.00000004	11.842	013	001
7070	0.00000004	11.843	013	001
7080	0.00000004	11.845	013	001
7090	0.00000004	11.847	013	001
7100	0.00000004	11.848	013	001
7110	0.00000004	11.850	013	001
7120	0.00000004	11.851	013	001
7130	0.00000004	11.853	013	001
7140	0.00000004	11.855	013	001
7150	0.00000004	11.856	013	001
7160	0.00000004	11.858	013	001
7170	0.00000004	11.859	013	001
7180	0.00000004	11.861	013	001
7190	0.00000004	11.863	013	001
7200	0.00000004	11.864	013	001
7210	0.00000004	11.866	013	001
7220	0.00000004	11.867	013	001
7230	0.00000004	11.869	013	001
7240	0.00000004	11.870	013	001
7250	0.00000006	11.872	013	001
7260	0.00000004	11.874	013	001
7270	0.00000004	11.875	013	001
7280	0.00000004	11.877	013	001
7290	0.00000004	11.878	013	001
7300	0.00000004	11.880	013	001
7310	0.00000004	11.881	013	001
7320	0.00000004	11.883	013	001
7330	0.00000004	11.884	013	001
7340	0.00000004	11.886	013	001
7350	0.00000004	11.887	013	001
7360	0.00000004	11.889	013	001
7370	0.00000004	11.890	013	001
7380	0.00000004	11.892	013	001
7390	0.00000004	11.893	013	001
7400	0.00000004	11.895	013	001
7410	0.00000005	11.896	013	001
7420	0.00000004	11.898	013	001
7430	0.00000004	11.899	013	001
7440	0.00000004	11.901	013	001
7450	0.00000004	11.902	013	001
7460	0.00000007	11.904	013	001
7470	0.00000006	11.905	013	001
7480	0.00000005	11.907	013	001
7490	0.00000004	11.908	013	001
7500	0.00000004	11.910	013	001
7510	0.00000004	11.911	013	001
7520	0.00000004	11.912	013	001
7530	0.00000004	11.914	013	001
7540	0.00000004	11.915	013	001
7550	0.00000004	11.917	013	001
7560	0.00000004	11.918	013	001
7570	0.00000004	11.920	013	001
7580	0.00000005	11.921	013	001
7590	0.00000004	11.923	013	001
7600	0.00000004	11.924	013	001
7610	0.00000004	11.925	013	001
7620	0.00000004	11.927	013	001
7630	0.00000004	11.928	013	001
7640	0.00000004	11.930	013	001
7650	0.00000004	11.931	013	001
7660	0.00000004	11.932	013	001
7670	0.00000004	11.934	013	001
7680	0.00000004	11.935	013	001
7690	0.00000004	11.937	013	001
7700	0.00000004	11.938	013	001
7710	0.00000004	11.939	013	001
7720	0.00000005	11.941	013	001
7730	0.00000004	11.942	013	001
7740	0.00000004	11.943	013	001
7750	0.00000005	11.945	013	001
7760	0.00000005	11.946	013	001
7770	0.00000004	11.947	013	001
7780	0.00000005	11.949	013	001
7790	0.00000004	11.950	013	001
7800	0.00000004	11.952	013	001
7810	0.00000004	11.953	013	001
7820	0.00000006	11.954	013	001
7830	0.00000005	11.956	013	001
7840	0.00000004	11.957	013	001
7850	0.00000004	11.958	013	001
7860	0.00000005	11.960	013	001
7870	0.00000004	11.961	013	001
7880	0.00000004	11.962	013	001
7890	0.00000004	11.963	013	001
7900	0.00000004	11.965	013	001
7910	0.00000004	11.966	013	001
7920	0.00000005	11.967	013	001
7930	0.00000004	11.969	013	001
7940	0.00000004	11.970	013	001
7950	0.00000004	11.971	013	001
7960	0.00000004	11.973	013	001
7970	0.00000005	11.974	013	001
7980	0.00000004	11.975	013	001
7990	0.00000005	11.976	013	001
8000	0.00000004	11.978	013	001
8010	0.00000004	11.979	013	001
8020	0.00000004	11.980	013	001
8030	0.00000004	11.982	013	001
8040	0.00000004	11.983	013	001
8050	0.00000004	11.984	013	001
8060	0.00000004	11.985	013	001
8070	0.00000004	11.987	013	001
8080	0.00000004	11.988	013	001
8090	0.00000004	11.989	013	001
8100	0.00000004	11.990	013	001
8110	0.00000004	11.992	013	001
8120	0.00000004	11.993	013	001
8130	0.00000004	11.994	013	001
8140	0.00000004	11.995	013	001
8150	0.00000004	11.997	013	001
8160	0.00000004	11.998	013	001
8170	0.00000004	11.999	013	001
8180	0.00000004	12.000	013	001
8190	0.00000004	12.001	013	001
8200	0.00000004	12.004	014	001
8210	0.00000004	12.006	014	001
8220	0.00000004	12.009	014	001
8230	0.00000004	12.011	014	001
8240	0.00000004	12.013	014	001
8250	0.00000005	12.016	014	001
8260	0.00000004	12.018	014	001
8270	0.00000004	12.021	014	001
8280	0.00000004	12.023	014	001
8290	0.00000004	12.025	014	001
8300	0.00000004	12.028	014	001
8310	0.00000004	12.030	014	001
8320	0.00000004	12.033	014	001
8330	0.00000004	12.035	014	001
8340	0.00000004	12.037	014	001
8350	0.00000004	12.040	014	001
8360	0.00000004	12.042	014	001
8370	0.00000004	12.044	014	001
8380	0.00000004	12.047	014	001
8390	0.00000004	12.049	014	001
8400	0.00000004	12.051	014	001
8410	0.00000004	12.054	014	001
8420	0.00000004	12.056	014	001
8430	0.00000004	12.058	014	001
8440	0.00000006	12.061	014	001
8450	0.00000004	12.063	014	001
8460	0.00000004	12.065	014	001
8470	0.00000004	12.067	014	001
8480	0.00000004	12.070	014	001
8490	0.00000004	12.072	014	001
8500	0.00000004	12.074	014	001
8510	0.00000004	12.076	014	001
8520	0.00000004	12.079	014	001
8530	0.00000004	12.081	014	001
8540	0.00000004	12.083	014	001
8550	0.00000004	12.085	014	001
8560	0.00000004	12.088	014	001
8570	0.00000004	12.090	014	001
8580	0.00000004	12.092	014	001
8590	0.00000004	12.094	014	001
8600	0.00000004	12.097	014	001
8610	0.00000004	12.099	014	001
8620	0.00000004	12.101	014	001
8630	0.00000004	12.103	014	001
8640	0.00000004	12.105	014	001
8650	0.00000005	12.108	014	001
8660	0.00000004	12.110	014	001
8670	0.00000004	12.112	014	001
8680	0.00000004	12.114	014	001
8690	0.00000004	12.116	014	001
8700	0.00000004	12.119	014	001
8710	0.00000004	12.121	014	001
8720	0.00000004	12.123	014	001
8730	0.00000004	12.125	014	001
8740	0.00000004	12.127	014	001
8750	0.00000004	12.129	014	001
8760	0.00000004	12.131	014	001
8770	0.00000004	12.134	014	001
8780	0.00000004	12.136	014	001
8790	0.00000004	12.138	014	001
8800	0.00000004	12.140	014	001
8810	0.00000004	12.142	014	001
8820	0.00000004	12.144	014	001
8830	0.00000004	12.146	014	001
8840	0.00000004	12.148	014	001
8850	0.00000004	12.150	014	001
8860	0.00000004	12.152	014	001
8870	0.00000004	12.155	014	001
8880	0.00000004	12.157	014	001
8890	0.00000007	12.159	014	001
8900	0.00000005	12.161	014	001
8910	0.00000006	12.163	014	001
8920	0.00000006	12.165	014	001
8930	0.00000008	12.167	014	001
8940	0.00000005	12.169	014	001
8950	0.00000009	12.171	014	001
8960	0.00000007	12.173	014	001
8970	0.00000005	12.175	014	001
8980	0.00000006	12.177	014	001
8990	0.00000006	12.179	014	001
9000	0.00000007	12.181	014	001
9010	0.00000005	12.183	014	001
9020	0.00000006	12.185	014	001
9030	0.00000007	12.187	014	001
9040	0.00000006	12.189	014	001
9050	0.00000006	12.191	014	001
9060	0.00000008	12.193	014	001
9070	0.00000005	12.195	014	001
9080	0.00000005	12.197	014	001
9090	0.00000007	12.199	014	001
9100	0.00000006	12.201	014	001
9110	0.00000008	12.203	014	001
9120	0.00000004	12.205	014	001
9130	0.00000005	12.207	014	001
9140	0.00000006	12.209	014	001
9150	0.00000009	12.211	014	001
9160	0.00000009	12.213	014	001
9170	0.00000004	12.215	014	001
9180	0.00000006	12.217	014	001
9190	0.00000004	12.219	014	001
9200	0.00000004	12.221	014	001
9210	0.00000004	12.223	014	001
9220	0.00000004	12.225	014	001
9230	0.00000004	12.227	014	001
9240	0.00000010	12.228	014	001
9250	0.00000004	12.230	014	001
9260	0.00000004	12.232	014	001
9270	0.00000005	12.234	014	001
9280	0.00000004	12.236	014	001
9290	0.00000004	12.238	014	001
9300	0.00000004	12.240	014	001
9310	0.00000004	12.242	014	001
9320	0.00000004	12.244	014	001
9330	0.00000004	12.246	014	001
9340	0.00000004	12.247	014	001
9350	0.00000004	12.249	014	001
9360	0.00000004	12.251	014	001
9370	0.00000004	12.253	014	001
9380	0.00000004	12.255	014	001
9390	0.00000004	12.257	014	001
9400	0.00000004	12.259	014	001
9410	0.00000004	12.260	014	001
9420	0.00000004	12.262	014	001
9430	0.00000004	12.264	014	001
9440	0.00000004	12.266	014	001
9450	0.00000004	12.268	014	001
9460	0.00000004	12.270	014	001
9470	0.00000004	12.271	014	001
9480	0.00000004	12.273	014	001
9490	0.00000004	12.275	014	001
9500	0.00000004	12.277	014	001
9510	0.00000004	12.279	014	001
9520	0.00000004	12.281	014	001
9530	0.00000004	12.282	014	001
9540	0.00000004	12.284	014	001
9550	0.00000004	12.286	014	001
9560	0.00000004	12.288	014	001
9570	0.00000004	12.290	014	001
9580	0.00000004	12.291	014	001
9590	0.00000006	12.293	014	001
9600	0.00000004	12.295	014	001
9610	0.00000004	12.297	014	001
9620	0.00000004	12.298	014	001
9630	0.00000004	12.300	014	001
9640	0.00000004	12.302	014	001
9650	0.00000004	12.304	014	001
9660	0.00000004	12.305	014	001
9670	0.00000004	12.307	014	001
9680	0.00000004	12.309	014	001
9690	0.00000004	12.311	014	001
9700	0.00000004	12.312	014	001
9710	0.00000004	12.314	014	001
9720	0.00000004	12.316	014	001
9730	0.00000004	12.318	014	001
9740	0.00000004	12.319	014	001
9750	0.00000004	12.321	014	001
9760	0.00000004	12.323	014	001
9770	0.00000004	12.325	014	001
9780	0.00000004	12.326	014	001
9790	0.00000004	12.328	014	001
9800	0.00000008	12.330	014	001
9810	0.00000004	12.331	014	001
9820	0.00000004	12.333	014	001
9830	0.00000004	12.335	014	001
9840	0.00000004	12.336	014	001
9850	0.00000004	12.338	014	001
9860	0.00000004	12.340	014	001
9870	0.00000005	12.342	014	001
9880	0.00000004	12.343	014	001
9890	0.00000004	12.345	014	001
9900	0.00000004	12.347	014	001
9910	0.00000006	12.348	014	001
9920	0.00000004	12.350	014	001
9930	0.00000004	12.352	014	001
9940	0.00000004	12.353	014	001
9950	0.00000004	12.355	014	001
9960	0.00000004	12.357	014	001
9970	0.00000004	12.358	014	001
9980	0.00000004	12.360	014	001
9990	0.00000004	12.361	014	001
10000	0.00000004	12.363	014	001