1000	0.00000027	500.499	999	001
1010	0.00000027	505.499	1009	001
1020	0.00000025	510.499	1019	001
1030	0.00000026	515.499	1029	001
1040	0.00000026	520.499	1039	001
1050	0.00000032	525.499	1049	001
1060	0.00000026	530.499	1059	001
1070	0.00000026	535.499	1069	001
1080	0.00000027	540.499	1079	001
1090	0.00000027	545.499	1089	001
1100	0.00000025	550.499	1099	001
1110	0.00000025	555.499	1109	001
1120	0.00000023	560.499	1119	001
1130	0.00000023	565.499	1129	001
1140	0.00000022	570.499	1139	001
1150	0.00000022	575.499	1149	001
1160	0.00000021	580.499	1159	001
1170	0.00000020	585.499	1169	001
1180	0.00000021	590.499	1179	001
1190	0.00000021	595.499	1189	001
1200	0.00000022	600.499	1199	001
1210	0.00000019	605.499	1209	001
1220	0.00000027	610.499	1219	001
1230	0.00000025	615.499	1229	001
1240	0.00000017	620.499	1239	001
1250	0.00000017	625.499	1249	001
1260	0.00000017	630.499	1259	001
1270	0.00000019	635.499	1269	001
1280	0.00000019	640.499	1279	001
1290	0.00000024	645.499	1289	001
1300	0.00000027	650.499	1299	001
1310	0.00000030	655.499	1309	001
1320	0.00000027	660.499	1319	001
1330	0.00000025	665.499	1329	001
1340	0.00000028	670.499	1339	001
1350	0.00000024	675.499	1349	001
1360	0.00000020	680.499	1359	001
1370	0.00000019	685.499	1369	001
1380	0.00000019	690.499	1379	001
1390	0.00000019	695.499	1389	001
1400	0.00000020	700.499	1399	001
1410	0.00000021	705.499	1409	001
1420	0.00000022	710.499	1419	001
1430	0.00000031	715.499	1429	001
1440	0.00000035	720.499	1439	001
1450	0.00000022	725.499	1449	001
1460	0.00000022	730.499	1459	001
1470	0.00000026	735.499	1469	001
1480	0.00000026	740.499	1479	001
1490	0.00000023	745.499	1489	001
1500	0.00000036	750.499	1499	001
1510	0.00000025	755.499	1509	001
1520	0.00000021	760.499	1519	001
1530	0.00000021	765.499	1529	001
1540	0.00000021	770.499	1539	001
1550	0.00000022	775.499	1549	001
1560	0.00000021	780.499	1559	001
1570	0.00000022	785.499	1569	001
1580	0.00000021	790.499	1579	001
1590	0.00000023	795.499	1589	001
1600	0.00000024	800.499	1599	001
1610	0.00000031	805.499	1609	001
1620	0.00000035	810.499	1619	001
1630	0.00000022	815.499	1629	001
1640	0.00000022	820.499	1639	001
1650	0.00000023	825.499	1649	001
1660	0.00000022	830.499	1659	001
1670	0.00000023	835.499	1669	001
1680	0.00000023	840.499	1679	001
1690	0.00000023	845.499	1689	001
1700	0.00000023	850.499	1699	001
1710	0.00000023	855.499	1709	001
1720	0.00000023	860.499	1719	001
1730	0.00000023	865.499	1729	001
1740	0.00000024	870.499	1739	001
1750	0.00000024	875.499	1749	001
1760	0.00000024	880.499	1759	001
1770	0.00000024	885.499	1769	001
1780	0.00000024	890.499	1779	001
1790	0.00000025	895.499	1789	001
1800	0.00000029	900.499	1799	001
1810	0.00000031	905.499	1809	001
1820	0.00000026	910.499	1819	001
1830	0.00000026	915.499	1829	001
1840	0.00000029	920.499	1839	001
1850	0.00000033	925.499	1849	001
1860	0.00000025	930.499	1859	001
1870	0.00000026	935.499	1869	001
1880	0.00000026	940.499	1879	001
1890	0.00000027	945.499	1889	001
1900	0.00000036	950.499	1899	001
1910	0.00000027	955.499	1909	001
1920	0.00000026	960.499	1919	001
1930	0.00000026	965.499	1929	001
1940	0.00000026	970.499	1939	001
1950	0.00000026	975.499	1949	001
1960	0.00000027	980.499	1959	001
1970	0.00000027	985.499	1969	001
1980	0.00000027	990.499	1979	001
1990	0.00000027	995.499	1989	001
2000	0.00000027	1000.500	1999	001
2010	0.00000027	1005.500	2009	001
2020	0.00000027	1010.500	2019	001
2030	0.00000028	1015.500	2029	001
2040	0.00000027	1020.500	2039	001
2050	0.00000028	1025.500	2049	001
2060	0.00000028	1030.500	2059	001
2070	0.00000028	1035.500	2069	001
2080	0.00000028	1040.500	2079	001
2090	0.00000029	1045.500	2089	001
2100	0.00000031	1050.500	2099	001
2110	0.00000029	1055.500	2109	001
2120	0.00000029	1060.500	2119	001
2130	0.00000029	1065.500	2129	001
2140	0.00000029	1070.500	2139	001
2150	0.00000029	1075.500	2149	001
2160	0.00000029	1080.500	2159	001
2170	0.00000029	1085.500	2169	001
2180	0.00000029	1090.500	2179	001
2190	0.00000030	1095.500	2189	001
2200	0.00000030	1100.500	2199	001
2210	0.00000030	1105.500	2209	001
2220	0.00000030	1110.500	2219	001
2230	0.00000030	1115.500	2229	001
2240	0.00000030	1120.500	2239	001
2250	0.00000031	1125.500	2249	001
2260	0.00000030	1130.500	2259	001
2270	0.00000031	1135.500	2269	001
2280	0.00000030	1140.500	2279	001
2290	0.00000032	1145.500	2289	001
2300	0.00000031	1150.500	2299	001
2310	0.00000031	1155.500	2309	001
2320	0.00000031	1160.500	2319	001
2330	0.00000065	1165.500	2329	001
2340	0.00000032	1170.500	2339	001
2350	0.00000032	1175.500	2349	001
2360	0.00000032	1180.500	2359	001
2370	0.00000032	1185.500	2369	001
2380	0.00000032	1190.500	2379	001
2390	0.00000032	1195.500	2389	001
2400	0.00000032	1200.500	2399	001
2410	0.00000032	1205.500	2409	001
2420	0.00000032	1210.500	2419	001
2430	0.00000032	1215.500	2429	001
2440	0.00000033	1220.500	2439	001
2450	0.00000033	1225.500	2449	001
2460	0.00000033	1230.500	2459	001
2470	0.00000033	1235.500	2469	001
2480	0.00000033	1240.500	2479	001
2490	0.00000033	1245.500	2489	001
2500	0.00000033	1250.500	2499	001
2510	0.00000033	1255.500	2509	001
2520	0.00000040	1260.500	2519	001
2530	0.00000034	1265.500	2529	001
2540	0.00000034	1270.500	2539	001
2550	0.00000036	1275.500	2549	001
2560	0.00000034	1280.500	2559	001
2570	0.00000035	1285.500	2569	001
2580	0.00000034	1290.500	2579	001
2590	0.00000035	1295.500	2589	001
2600	0.00000035	1300.500	2599	001
2610	0.00000035	1305.500	2609	001
2620	0.00000035	1310.500	2619	001
2630	0.00000037	1315.500	2629	001
2640	0.00000035	1320.500	2639	001
2650	0.00000035	1325.500	2649	001
2660	0.00000036	1330.500	2659	001
2670	0.00000036	1335.500	2669	001
2680	0.00000040	1340.500	2679	001
2690	0.00000037	1345.500	2689	001
2700	0.00000036	1350.500	2699	001
2710	0.00000037	1355.500	2709	001
2720	0.00000037	1360.500	2719	001
2730	0.00000036	1365.500	2729	001
2740	0.00000041	1370.500	2739	001
2750	0.00000038	1375.500	2749	001
2760	0.00000037	1380.500	2759	001
2770	0.00000037	1385.500	2769	001
2780	0.00000037	1390.500	2779	001
2790	0.00000037	1395.500	2789	001
2800	0.00000037	1400.500	2799	001
2810	0.00000037	1405.500	2809	001
2820	0.00000042	1410.500	2819	001
2830	0.00000038	1415.500	2829	001
2840	0.00000038	1420.500	2839	001
2850	0.00000038	1425.500	2849	001
2860	0.00000038	1430.500	2859	001
2870	0.00000038	1435.500	2869	001
2880	0.00000040	1440.500	2879	001
2890	0.00000039	1445.500	2889	001
2900	0.00000040	1450.500	2899	001
2910	0.00000039	1455.500	2909	001
2920	0.00000039	1460.500	2919	001
2930	0.00000039	1465.500	2929	001
2940	0.00000039	1470.500	2939	001
2950	0.00000040	1475.500	2949	001
2960	0.00000040	1480.500	2959	001
2970	0.00000039	1485.500	2969	001
2980	0.00000040	1490.500	2979	001
2990	0.00000040	1495.500	2989	001
3000	0.00000040	1500.500	2999	001
3010	0.00000040	1505.500	3009	001
3020	0.00000040	1510.500	3019	001
3030	0.00000040	1515.500	3029	001
3040	0.00000041	1520.500	3039	001
3050	0.00000041	1525.500	3049	001
3060	0.00000041	1530.500	3059	001
3070	0.00000041	1535.500	3069	001
3080	0.00000043	1540.500	3079	001
3090	0.00000041	1545.500	3089	001
3100	0.00000041	1550.500	3099	001
3110	0.00000042	1555.500	3109	001
3120	0.00000041	1560.500	3119	001
3130	0.00000042	1565.500	3129	001
3140	0.00000043	1570.500	3139	001
3150	0.00000042	1575.500	3149	001
3160	0.00000049	1580.500	3159	001
3170	0.00000065	1585.500	3169	001
3180	0.00000051	1590.500	3179	001
3190	0.00000058	1595.500	3189	001
3200	0.00000051	1600.500	3199	001
3210	0.00000043	1605.500	3209	001
3220	0.00000043	1610.500	3219	001
3230	0.00000043	1615.500	3229	001
3240	0.00000044	1620.500	3239	001
3250	0.00000043	1625.500	3249	001
3260	0.00000043	1630.500	3259	001
3270	0.00000043	1635.500	3269	001
3280	0.00000045	1640.500	3279	001
3290	0.00000046	1645.500	3289	001
3300	0.00000044	1650.500	3299	001
3310	0.00000044	1655.500	3309	001
3320	0.00000044	1660.500	3319	001
3330	0.00000047	1665.500	3329	001
3340	0.00000044	1670.500	3339	001
3350	0.00000046	1675.500	3349	001
3360	0.00000045	1680.500	3359	001
3370	0.00000045	1685.500	3369	001
3380	0.00000045	1690.500	3379	001
3390	0.00000045	1695.500	3389	001
3400	0.00000046	1700.500	3399	001
3410	0.00000045	1705.500	3409	001
3420	0.00000046	1710.500	3419	001
3430	0.00000046	1715.500	3429	001
3440	0.00000046	1720.500	3439	001
3450	0.00000046	1725.500	3449	001
3460	0.00000046	1730.500	3459	001
3470	0.00000046	1735.500	3469	001
3480	0.00000048	1740.500	3479	001
3490	0.00000046	1745.500	3489	001
3500	0.00000046	1750.500	3499	001
3510	0.00000046	1755.500	3509	001
3520	0.00000047	1760.500	3519	001
3530	0.00000047	1765.500	3529	001
3540	0.00000047	1770.500	3539	001
3550	0.00000047	1775.500	3549	001
3560	0.00000047	1780.500	3559	001
3570	0.00000048	1785.500	3569	001
3580	0.00000048	1790.500	3579	001
3590	0.00000048	1795.500	3589	001
3600	0.00000048	1800.500	3599	001
3610	0.00000048	1805.500	3609	001
3620	0.00000048	1810.500	3619	001
3630	0.00000049	1815.500	3629	001
3640	0.00000048	1820.500	3639	001
3650	0.00000049	1825.500	3649	001
3660	0.00000050	1830.500	3659	001
3670	0.00000049	1835.500	3669	001
3680	0.00000049	1840.500	3679	001
3690	0.00000049	1845.500	3689	001
3700	0.00000049	1850.500	3699	001
3710	0.00000049	1855.500	3709	001
3720	0.00000049	1860.500	3719	001
3730	0.00000050	1865.500	3729	001
3740	0.00000051	1870.500	3739	001
3750	0.00000050	1875.500	3749	001
3760	0.00000053	1880.500	3759	001
3770	0.00000055	1885.500	3769	001
3780	0.00000054	1890.500	3779	001
3790	0.00000053	1895.500	3789	001
3800	0.00000053	1900.500	3799	001
3810	0.00000051	1905.500	3809	001
3820	0.00000053	1910.500	3819	001
3830	0.00000052	1915.500	3829	001
3840	0.00000051	1920.500	3839	001
3850	0.00000051	1925.500	3849	001
3860	0.00000051	1930.500	3859	001
3870	0.00000052	1935.500	3869	001
3880	0.00000051	1940.500	3879	001
3890	0.00000052	1945.500	3889	001
3900	0.00000054	1950.500	3899	001
3910	0.00000052	1955.500	3909	001
3920	0.00000052	1960.500	3919	001
3930	0.00000052	1965.500	3929	001
3940	0.00000052	1970.500	3939	001
3950	0.00000052	1975.500	3949	001
3960	0.00000052	1980.500	3959	001
3970	0.00000056	1985.500	3969	001
3980	0.00000053	1990.500	3979	001
3990	0.00000054	1995.500	3989	001
4000	0.00000056	2000.500	3999	001
4010	0.00000054	2005.500	4009	001
4020	0.00000054	2010.500	4019	001
4030	0.00000053	2015.500	4029	001
4040	0.00000055	2020.500	4039	001
4050	0.00000054	2025.500	4049	001
4060	0.00000054	2030.500	4059	001
4070	0.00000054	2035.500	4069	001
4080	0.00000054	2040.500	4079	001
4090	0.00000054	2045.500	4089	001
4100	0.00000054	2050.500	4099	001
4110	0.00000060	2055.500	4109	001
4120	0.00000055	2060.500	4119	001
4130	0.00000055	2065.500	4129	001
4140	0.00000055	2070.500	4139	001
4150	0.00000055	2075.500	4149	001
4160	0.00000055	2080.500	4159	001
4170	0.00000055	2085.500	4169	001
4180	0.00000057	2090.500	4179	001
4190	0.00000055	2095.500	4189	001
4200	0.00000055	2100.500	4199	001
4210	0.00000056	2105.500	4209	001
4220	0.00000056	2110.500	4219	001
4230	0.00000056	2115.500	4229	001
4240	0.00000057	2120.500	4239	001
4250	0.00000056	2125.500	4249	001
4260	0.00000056	2130.500	4259	001
4270	0.00000056	2135.500	4269	001
4280	0.00000057	2140.500	4279	001
4290	0.00000057	2145.500	4289	001
4300	0.00000057	2150.500	4299	001
4310	0.00000057	2155.500	4309	001
4320	0.00000057	2160.500	4319	001
4330	0.00000057	2165.500	4329	001
4340	0.00000057	2170.500	4339	001
4350	0.00000058	2175.500	4349	001
4360	0.00000058	2180.500	4359	001
4370	0.00000060	2185.500	4369	001
4380	0.00000058	2190.500	4379	001
4390	0.00000058	2195.500	4389	001
4400	0.00000059	2200.500	4399	001
4410	0.00000058	2205.500	4409	001
4420	0.00000060	2210.500	4419	001
4430	0.00000059	2215.500	4429	001
4440	0.00000059	2220.500	4439	001
4450	0.00000059	2225.500	4449	001
4460	0.00000059	2230.500	4459	001
4470	0.00000059	2235.500	4469	001
4480	0.00000062	2240.500	4479	001
4490	0.00000059	2245.500	4489	001
4500	0.00000060	2250.500	4499	001
4510	0.00000060	2255.500	4509	001
4520	0.00000060	2260.500	4519	001
4530	0.00000060	2265.500	4529	001
4540	0.00000060	2270.500	4539	001
4550	0.00000060	2275.500	4549	001
4560	0.00000060	2280.500	4559	001
4570	0.00000061	2285.500	4569	001
4580	0.00000060	2290.500	4579	001
4590	0.00000062	2295.500	4589	001
4600	0.00000061	2300.500	4599	001
4610	0.00000061	2305.500	4609	001
4620	0.00000061	2310.500	4619	001
4630	0.00000061	2315.500	4629	001
4640	0.00000064	2320.500	4639	001
4650	0.00000061	2325.500	4649	001
4660	0.00000062	2330.500	4659	001
4670	0.00000063	2335.500	4669	001
4680	0.00000062	2340.500	4679	001
4690	0.00000063	2345.500	4689	001
4700	0.00000062	2350.500	4699	001
4710	0.00000062	2355.500	4709	001
4720	0.00000062	2360.500	4719	001
4730	0.00000063	2365.500	4729	001
4740	0.00000063	2370.500	4739	001
4750	0.00000063	2375.500	4749	001
4760	0.00000063	2380.500	4759	001
4770	0.00000063	2385.500	4769	001
4780	0.00000063	2390.500	4779	001
4790	0.00000064	2395.500	4789	001
4800	0.00000064	2400.500	4799	001
4810	0.00000063	2405.500	4809	001
4820	0.00000063	2410.500	4819	001
4830	0.00000064	2415.500	4829	001
4840	0.00000065	2420.500	4839	001
4850	0.00000064	2425.500	4849	001
4860	0.00000064	2430.500	4859	001
4870	0.00000064	2435.500	4869	001
4880	0.00000064	2440.500	4879	001
4890	0.00000065	2445.500	4889	001
4900	0.00000065	2450.500	4899	001
4910	0.00000065	2455.500	4909	001
4920	0.00000065	2460.500	4919	001
4930	0.00000065	2465.500	4929	001
4940	0.00000067	2470.500	4939	001
4950	0.00000065	2475.500	4949	001
4960	0.00000066	2480.500	4959	001
4970	0.00000066	2485.500	4969	001
4980	0.00000066	2490.500	4979	001
4990	0.00000067	2495.500	4989	001
5000	0.00000066	2500.500	4999	001
5010	0.00000066	2505.500	5009	001
5020	0.00000066	2510.500	5019	001
5030	0.00000067	2515.500	5029	001
5040	0.00000066	2520.500	5039	001
5050	0.00000067	2525.500	5049	001
5060	0.00000067	2530.500	5059	001
5070	0.00000067	2535.500	5069	001
5080	0.00000068	2540.500	5079	001
5090	0.00000067	2545.500	5089	001
5100	0.00000067	2550.500	5099	001
5110	0.00000068	2555.500	5109	001
5120	0.00000068	2560.500	5119	001
5130	0.00000067	2565.500	5129	001
5140	0.00000068	2570.500	5139	001
5150	0.00000068	2575.500	5149	001
5160	0.00000068	2580.500	5159	001
5170	0.00000068	2585.500	5169	001
5180	0.00000068	2590.500	5179	001
5190	0.00000068	2595.500	5189	001
5200	0.00000069	2600.500	5199	001
5210	0.00000069	2605.500	5209	001
5220	0.00000069	2610.500	5219	001
5230	0.00000069	2615.500	5229	001
5240	0.00000069	2620.500	5239	001
5250	0.00000088	2625.500	5249	001
5260	0.00000071	2630.500	5259	001
5270	0.00000071	2635.500	5269	001
5280	0.00000071	2640.500	5279	001
5290	0.00000080	2645.500	5289	001
5300	0.00000074	2650.500	5299	001
5310	0.00000075	2655.500	5309	001
5320	0.00000071	2660.500	5319	001
5330	0.00000071	2665.500	5329	001
5340	0.00000071	2670.500	5339	001
5350	0.00000070	2675.500	5349	001
5360	0.00000071	2680.500	5359	001
5370	0.00000071	2685.500	5369	001
5380	0.00000071	2690.500	5379	001
5390	0.00000071	2695.500	5389	001
5400	0.00000071	2700.500	5399	001
5410	0.00000071	2705.500	5409	001
5420	0.00000071	2710.500	5419	001
5430	0.00000072	2715.500	5429	001
5440	0.00000072	2720.500	5439	001
5450	0.00000072	2725.500	5449	001
5460	0.00000072	2730.500	5459	001
5470	0.00000072	2735.500	5469	001
5480	0.00000073	2740.500	5479	001
5490	0.00000072	2745.500	5489	001
5500	0.00000072	2750.500	5499	001
5510	0.00000073	2755.500	5509	001
5520	0.00000074	2760.500	5519	001
5530	0.00000073	2765.500	5529	001
5540	0.00000073	2770.500	5539	001
5550	0.00000073	2775.500	5549	001
5560	0.00000073	2780.500	5559	001
5570	0.00000073	2785.500	5569	001
5580	0.00000074	2790.500	5579	001
5590	0.00000074	2795.500	5589	001
5600	0.00000075	2800.500	5599	001
5610	0.00000074	2805.500	5609	001
5620	0.00000074	2810.500	5619	001
5630	0.00000075	2815.500	5629	001
5640	0.00000074	2820.500	5639	001
5650	0.00000074	2825.500	5649	001
5660	0.00000075	2830.500	5659	001
5670	0.00000077	2835.500	5669	001
5680	0.00000075	2840.500	5679	001
5690	0.00000075	2845.500	5689	001
5700	0.00000075	2850.500	5699	001
5710	0.00000076	2855.500	5709	001
5720	0.00000075	2860.500	5719	001
5730	0.00000076	2865.500	5729	001
5740	0.00000076	2870.500	5739	001
5750	0.00000076	2875.500	5749	001
5760	0.00000076	2880.500	5759	001
5770	0.00000076	2885.500	5769	001
5780	0.00000076	2890.500	5779	001
5790	0.00000076	2895.500	5789	001
5800	0.00000077	2900.500	5799	001
5810	0.00000079	2905.500	5809	001
5820	0.00000077	2910.500	5819	001
5830	0.00000077	2915.500	5829	001
5840	0.00000078	2920.500	5839	001
5850	0.00000077	2925.500	5849	001
5860	0.00000077	2930.500	5859	001
5870	0.00000079	2935.500	5869	001
5880	0.00000080	2940.500	5879	001
5890	0.00000079	2945.500	5889	001
5900	0.00000080	2950.500	5899	001
5910	0.00000082	2955.500	5909	001
5920	0.00000091	2960.500	5919	001
5930	0.00000090	2965.500	5929	001
5940	0.00000091	2970.500	5939	001
5950	0.00000080	2975.500	5949	001
5960	0.00000079	2980.500	5959	001
5970	0.00000097	2985.500	5969	001
5980	0.00000079	2990.500	5979	001
5990	0.00000079	2995.500	5989	001
6000	0.00000080	3000.500	5999	001
6010	0.00000080	3005.500	6009	001
6020	0.00000079	3010.500	6019	001
6030	0.00000080	3015.500	6029	001
6040	0.00000080	3020.500	6039	001
6050	0.00000079	3025.500	6049	001
6060	0.00000084	3030.500	6059	001
6070	0.00000083	3035.500	6069	001
6080	0.00000081	3040.500	6079	001
6090	0.00000080	3045.500	6089	001
6100	0.00000081	3050.500	6099	001
6110	0.00000080	3055.500	6109	001
6120	0.00000083	3060.500	6119	001
6130	0.00000081	3065.500	6129	001
6140	0.00000081	3070.500	6139	001
6150	0.00000083	3075.500	6149	001
6160	0.00000083	3080.500	6159	001
6170	0.00000081	3085.500	6169	001
6180	0.00000081	3090.500	6179	001
6190	0.00000082	3095.500	6189	001
6200	0.00000082	3100.500	6199	001
6210	0.00000082	3105.500	6209	001
6220	0.00000082	3110.500	6219	001
6230	0.00000083	3115.500	6229	001
6240	0.00000083	3120.500	6239	001
6250	0.00000082	3125.500	6249	001
6260	0.00000083	3130.500	6259	001
6270	0.00000083	3135.500	6269	001
6280	0.00000082	3140.500	6279	001
6290	0.00000082	3145.500	6289	001
6300	0.00000084	3150.500	6299	001
6310	0.00000083	3155.500	6309	001
6320	0.00000083	3160.500	6319	001
6330	0.00000084	3165.500	6329	001
6340	0.00000083	3170.500	6339	001
6350	0.00000084	3175.500	6349	001
6360	0.00000084	3180.500	6359	001
6370	0.00000084	3185.500	6369	001
6380	0.00000085	3190.500	6379	001
6390	0.00000084	3195.500	6389	001
6400	0.00000084	3200.500	6399	001
6410	0.00000085	3205.500	6409	001
6420	0.00000085	3210.500	6419	001
6430	0.00000085	3215.500	6429	001
6440	0.00000085	3220.500	6439	001
6450	0.00000102	3225.500	6449	001
6460	0.00000090	3230.500	6459	001
6470	0.00000092	3235.500	6469	001
6480	0.00000088	3240.500	6479	001
6490	0.00000087	3245.500	6489	001
6500	0.00000094	3250.500	6499	001
6510	0.00000086	3255.500	6509	001
6520	0.00000086	3260.500	6519	001
6530	0.00000097	3265.500	6529	001
6540	0.00000089	3270.500	6539	001
6550	0.00000086	3275.500	6549	001
6560	0.00000086	3280.500	6559	001
6570	0.00000086	3285.500	6569	001
6580	0.00000094	3290.500	6579	001
6590	0.00000091	3295.500	6589	001
6600	0.00000112	3300.500	6599	001
6610	0.00000091	3305.500	6609	001
6620	0.00000088	3310.500	6619	001
6630	0.00000088	3315.500	6629	001
6640	0.00000088	3320.500	6639	001
6650	0.00000088	3325.500	6649	001
6660	0.00000088	3330.500	6659	001
6670	0.00000088	3335.500	6669	001
6680	0.00000089	3340.500	6679	001
6690	0.00000088	3345.500	6689	001
6700	0.00000089	3350.500	6699	001
6710	0.00000088	3355.500	6709	001
6720	0.00000088	3360.500	6719	001
6730	0.00000090	3365.500	6729	001
6740	0.00000089	3370.500	6739	001
6750	0.00000089	3375.500	6749	001
6760	0.00000089	3380.500	6759	001
6770	0.00000090	3385.500	6769	001
6780	0.00000090	3390.500	6779	001
6790	0.00000089	3395.500	6789	001
6800	0.00000090	3400.500	6799	001
6810	0.00000090	3405.500	6809	001
6820	0.00000090	3410.500	6819	001
6830	0.00000091	3415.500	6829	001
6840	0.00000090	3420.500	6839	001
6850	0.00000091	3425.500	6849	001
6860	0.00000091	3430.500	6859	001
6870	0.00000090	3435.500	6869	001
6880	0.00000093	3440.500	6879	001
6890	0.00000091	3445.500	6889	001
6900	0.00000091	3450.500	6899	001
6910	0.00000090	3455.500	6909	001
6920	0.00000091	3460.500	6919	001
6930	0.00000092	3465.500	6929	001
6940	0.00000091	3470.500	6939	001
6950	0.00000092	3475.500	6949	001
6960	0.00000092	3480.500	6959	001
6970	0.00000092	3485.500	6969	001
6980	0.00000092	3490.500	6979	001
6990	0.00000092	3495.500	6989	001
7000	0.00000093	3500.500	6999	001
7010	0.00000092	3505.500	7009	001
7020	0.00000093	3510.500	7019	001
7030	0.00000092	3515.500	7029	001
7040	0.00000092	3520.500	7039	001
7050	0.00000092	3525.500	7049	001
7060	0.00000093	3530.500	7059	001
7070	0.00000095	3535.500	7069	001
7080	0.00000093	3540.500	7079	001
7090	0.00000093	3545.500	7089	001
7100	0.00000093	3550.500	7099	001
7110	0.00000093	3555.500	7109	001
7120	0.00000094	3560.500	7119	001
7130	0.00000094	3565.500	7129	001
7140	0.00000094	3570.500	7139	001
7150	0.00000094	3575.500	7149	001
7160	0.00000095	3580.500	7159	001
7170	0.00000094	3585.500	7169	001
7180	0.00000095	3590.500	7179	001
7190	0.00000096	3595.500	7189	001
7200	0.00000095	3600.500	7199	001
7210	0.00000096	3605.500	7209	001
7220	0.00000095	3610.500	7219	001
7230	0.00000096	3615.500	7229	001
7240	0.00000095	3620.500	7239	001
7250	0.00000096	3625.500	7249	001
7260	0.00000095	3630.500	7259	001
7270	0.00000095	3635.500	7269	001
7280	0.00000096	3640.500	7279	001
7290	0.00000105	3645.500	7289	001
7300	0.00000104	3650.500	7299	001
7310	0.00000096	3655.500	7309	001
7320	0.00000097	3660.500	7319	001
7330	0.00000096	3665.500	7329	001
7340	0.00000097	3670.500	7339	001
7350	0.00000096	3675.500	7349	001
7360	0.00000097	3680.500	7359	001
7370	0.00000096	3685.500	7369	001
7380	0.00000101	3690.500	7379	001
7390	0.00000097	3695.500	7389	001
7400	0.00000098	3700.500	7399	001
7410	0.00000097	3705.500	7409	001
7420	0.00000097	3710.500	7419	001
7430	0.00000108	3715.500	7429	001
7440	0.00000108	3720.500	7439	001
7450	0.00000098	3725.500	7449	001
7460	0.00000099	3730.500	7459	001
7470	0.00000098	3735.500	7469	001
7480	0.00000100	3740.500	7479	001
7490	0.00000098	3745.500	7489	001
7500	0.00000101	3750.500	7499	001
7510	0.00000100	3755.500	7509	001
7520	0.00000101	3760.500	7519	001
7530	0.00000100	3765.500	7529	001
7540	0.00000100	3770.500	7539	001
7550	0.00000111	3775.500	7549	001
7560	0.00000101	3780.500	7559	001
7570	0.00000101	3785.500	7569	001
7580	0.00000100	3790.500	7579	001
7590	0.00000101	3795.500	7589	001
7600	0.00000100	3800.500	7599	001
7610	0.00000101	3805.500	7609	001
7620	0.00000100	3810.500	7619	001
7630	0.00000102	3815.500	7629	001
7640	0.00000101	3820.500	7639	001
7650	0.00000105	3825.500	7649	001
7660	0.00000101	3830.500	7659	001
7670	0.00000102	3835.500	7669	001
7680	0.00000101	3840.500	7679	001
7690	0.00000102	3845.500	7689	001
7700	0.00000101	3850.500	7699	001
7710	0.00000102	3855.500	7709	001
7720	0.00000101	3860.500	7719	001
7730	0.00000102	3865.500	7729	001
7740	0.00000102	3870.500	7739	001
7750	0.00000103	3875.500	7749	001
7760	0.00000102	3880.500	7759	001
7770	0.00000102	3885.500	7769	001
7780	0.00000102	3890.500	7779	001
7790	0.00000103	3895.500	7789	001
7800	0.00000103	3900.500	7799	001
7810	0.00000102	3905.500	7809	001
7820	0.00000103	3910.500	7819	001
7830	0.00000102	3915.500	7829	001
7840	0.00000103	3920.500	7839	001
7850	0.00000103	3925.500	7849	001
7860	0.00000104	3930.500	7859	001
7870	0.00000103	3935.500	7869	001
7880	0.00000104	3940.500	7879	001
7890	0.00000104	3945.500	7889	001
7900	0.00000104	3950.500	7899	001
7910	0.00000104	3955.500	7909	001
7920	0.00000104	3960.500	7919	001
7930	0.00000104	3965.500	7929	001
7940	0.00000105	3970.500	7939	001
7950	0.00000104	3975.500	7949	001
7960	0.00000104	3980.500	7959	001
7970	0.00000107	3985.500	7969	001
7980	0.00000119	3990.500	7979	001
7990	0.00000108	3995.500	7989	001
8000	0.00000105	4000.500	7999	001
8010	0.00000106	4005.500	8009	001
8020	0.00000105	4010.500	8019	001
8030	0.00000106	4015.500	8029	001
8040	0.00000106	4020.500	8039	001
8050	0.00000106	4025.500	8049	001
8060	0.00000106	4030.500	8059	001
8070	0.00000106	4035.500	8069	001
8080	0.00000107	4040.500	8079	001
8090	0.00000106	4045.500	8089	001
8100	0.00000108	4050.500	8099	001
8110	0.00000108	4055.500	8109	001
8120	0.00000108	4060.500	8119	001
8130	0.00000108	4065.500	8129	001
8140	0.00000110	4070.500	8139	001
8150	0.00000108	4075.500	8149	001
8160	0.00000109	4080.500	8159	001
8170	0.00000109	4085.500	8169	001
8180	0.00000107	4090.500	8179	001
8190	0.00000108	4095.500	8189	001
8200	0.00000108	4100.500	8199	001
8210	0.00000108	4105.500	8209	001
8220	0.00000108	4110.500	8219	001
8230	0.00000108	4115.500	8229	001
8240	0.00000108	4120.500	8239	001
8250	0.00000108	4125.500	8249	001
8260	0.00000109	4130.500	8259	001
8270	0.00000112	4135.500	8269	001
8280	0.00000109	4140.500	8279	001
8290	0.00000110	4145.500	8289	001
8300	0.00000109	4150.500	8299	001
8310	0.00000109	4155.500	8309	001
8320	0.00000109	4160.500	8319	001
8330	0.00000109	4165.500	8329	001
8340	0.00000110	4170.500	8339	001
8350	0.00000109	4175.500	8349	001
8360	0.00000138	4180.500	8359	001
8370	0.00000121	4185.500	8369	001
8380	0.00000110	4190.500	8379	001
8390	0.00000114	4195.500	8389	001
8400	0.00000115	4200.500	8399	001
8410	0.00000116	4205.500	8409	001
8420	0.00000117	4210.500	8419	001
8430	0.00000117	4215.500	8429	001
8440	0.00000117	4220.500	8439	001
8450	0.00000119	4225.500	8449	001
8460	0.00000113	4230.500	8459	001
8470	0.00000111	4235.500	8469	001
8480	0.00000113	4240.500	8479	001
8490	0.00000112	4245.500	8489	001
8500	0.00000112	4250.500	8499	001
8510	0.00000113	4255.500	8509	001
8520	0.00000112	4260.500	8519	001
8530	0.00000112	4265.500	8529	001
8540	0.00000111	4270.500	8539	001
8550	0.00000113	4275.500	8549	001
8560	0.00000119	4280.500	8559	001
8570	0.00000117	4285.500	8569	001
8580	0.00000115	4290.500	8579	001
8590	0.00000118	4295.500	8589	001
8600	0.00000113	4300.500	8599	001
8610	0.00000115	4305.500	8609	001
8620	0.00000113	4310.500	8619	001
8630	0.00000113	4315.500	8629	001
8640	0.00000115	4320.500	8639	001
8650	0.00000115	4325.500	8649	001
8660	0.00000121	4330.500	8659	001
8670	0.00000126	4335.500	8669	001
8680	0.00000136	4340.500	8679	001
8690	0.00000118	4345.500	8689	001
8700	0.00000121	4350.500	8699	001
8710	0.00000116	4355.500	8709	001
8720	0.00000117	4360.500	8719	001
8730	0.00000118	4365.500	8729	001
8740	0.00000118	4370.500	8739	001
8750	0.00000118	4375.500	8749	001
8760	0.00000117	4380.500	8759	001
8770	0.00000116	4385.500	8769	001
8780	0.00000115	4390.500	8779	001
8790	0.00000116	4395.500	8789	001
8800	0.00000118	4400.500	8799	001
8810	0.00000116	4405.500	8809	001
8820	0.00000117	4410.500	8819	001
8830	0.00000116	4415.500	8829	001
8840	0.00000116	4420.500	8839	001
8850	0.00000117	4425.500	8849	001
8860	0.00000116	4430.500	8859	001
8870	0.00000116	4435.500	8869	001
8880	0.00000117	4440.500	8879	001
8890	0.00000117	4445.500	8889	001
8900	0.00000117	4450.500	8899	001
8910	0.00000118	4455.500	8909	001
8920	0.00000118	4460.500	8919	001
8930	0.00000116	4465.500	8929	001
8940	0.00000117	4470.500	8939	001
8950	0.00000118	4475.500	8949	001
8960	0.00000118	4480.500	8959	001
8970	0.00000118	4485.500	8969	001
8980	0.00000119	4490.500	8979	001
8990	0.00000118	4495.500	8989	001
9000	0.00000120	4500.500	8999	001
9010	0.00000118	4505.500	9009	001
9020	0.00000118	4510.500	9019	001
9030	0.00000118	4515.500	9029	001
9040	0.00000119	4520.500	9039	001
9050	0.00000119	4525.500	9049	001
9060	0.00000119	4530.500	9059	001
9070	0.00000120	4535.500	9069	001
9080	0.00000132	4540.500	9079	001
9090	0.00000124	4545.500	9089	001
9100	0.00000119	4550.500	9099	001
9110	0.00000121	4555.500	9109	001
9120	0.00000120	4560.500	9119	001
9130	0.00000120	4565.500	9129	001
9140	0.00000120	4570.500	9139	001
9150	0.00000121	4575.500	9149	001
9160	0.00000121	4580.500	9159	001
9170	0.00000121	4585.500	9169	001
9180	0.00000120	4590.500	9179	001
9190	0.00000121	4595.500	9189	001
9200	0.00000121	4600.500	9199	001
9210	0.00000121	4605.500	9209	001
9220	0.00000122	4610.500	9219	001
9230	0.00000121	4615.500	9229	001
9240	0.00000121	4620.500	9239	001
9250	0.00000122	4625.500	9249	001
9260	0.00000121	4630.500	9259	001
9270	0.00000121	4635.500	9269	001
9280	0.00000122	4640.500	9279	001
9290	0.00000121	4645.500	9289	001
9300	0.00000122	4650.500	9299	001
9310	0.00000122	4655.500	9309	001
9320	0.00000122	4660.500	9319	001
9330	0.00000123	4665.500	9329	001
9340	0.00000123	4670.500	9339	001
9350	0.00000124	4675.500	9349	001
9360	0.00000123	4680.500	9359	001
9370	0.00000123	4685.500	9369	001
9380	0.00000124	4690.500	9379	001
9390	0.00000123	4695.500	9389	001
9400	0.00000124	4700.500	9399	001
9410	0.00000124	4705.500	9409	001
9420	0.00000123	4710.500	9419	001
9430	0.00000125	4715.500	9429	001
9440	0.00000124	4720.500	9439	001
9450	0.00000124	4725.500	9449	001
9460	0.00000126	4730.500	9459	001
9470	0.00000124	4735.500	9469	001
9480	0.00000124	4740.500	9479	001
9490	0.00000125	4745.500	9489	001
9500	0.00000124	4750.500	9499	001
9510	0.00000126	4755.500	9509	001
9520	0.00000125	4760.500	9519	001
9530	0.00000125	4765.500	9529	001
9540	0.00000124	4770.500	9539	001
9550	0.00000141	4775.500	9549	001
9560	0.00000126	4780.500	9559	001
9570	0.00000127	4785.500	9569	001
9580	0.00000128	4790.500	9579	001
9590	0.00000126	4795.500	9589	001
9600	0.00000127	4800.500	9599	001
9610	0.00000126	4805.500	9609	001
9620	0.00000125	4810.500	9619	001
9630	0.00000127	4815.500	9629	001
9640	0.00000126	4820.500	9639	001
9650	0.00000127	4825.500	9649	001
9660	0.00000127	4830.500	9659	001
9670	0.00000127	4835.500	9669	001
9680	0.00000128	4840.500	9679	001
9690	0.00000130	4845.500	9689	001
9700	0.00000128	4850.500	9699	001
9710	0.00000128	4855.500	9709	001
9720	0.00000127	4860.500	9719	001
9730	0.00000128	4865.500	9729	001
9740	0.00000129	4870.500	9739	001
9750	0.00000129	4875.500	9749	001
9760	0.00000128	4880.500	9759	001
9770	0.00000128	4885.500	9769	001
9780	0.00000129	4890.500	9779	001
9790	0.00000128	4895.500	9789	001
9800	0.00000129	4900.500	9799	001
9810	0.00000128	4905.500	9809	001
9820	0.00000130	4910.500	9819	001
9830	0.00000129	4915.500	9829	001
9840	0.00000129	4920.500	9839	001
9850	0.00000129	4925.500	9849	001
9860	0.00000129	4930.500	9859	001
9870	0.00000129	4935.500	9869	001
9880	0.00000129	4940.500	9879	001
9890	0.00000129	4945.500	9889	001
9900	0.00000130	4950.500	9899	001
9910	0.00000130	4955.500	9909	001
9920	0.00000131	4960.500	9919	001
9930	0.00000130	4965.500	9929	001
9940	0.00000130	4970.500	9939	001
9950	0.00000130	4975.500	9949	001
9960	0.00000130	4980.500	9959	001
9970	0.00000136	4985.500	9969	001
9980	0.00000143	4990.500	9979	001
9990	0.00000134	4995.500	9989	001
10000	0.00000131	5000.500	9999	001